components/sections/experience-section.tsx(15,6): error TS17008: JSX element 'motion.div' has no corresponding closing tag.
components/sections/experience-section.tsx(126,6): error TS17002: Expected corresponding JSX closing tag for 'section'.
components/sections/experience-section.tsx(127,3): error TS1005: ')' expected.
components/sections/experience-section.tsx(128,2): error TS1109: Expression expected.
